###########################################################
###      _      __  ___                   __            ###
###     | | /| / / / _ \__ _____  ___ ___/ /__  ___     ###
###     | |/ |/ / / // / // / _ \(_-</ _  / _ \/ _ \    ###
###     |__/|__(_)____/\_,_/_//_/___/\_,_/\___/_//_/    ###
###                                                     ###
###               NppPluginBuildEnvironmentResource.lst ###
###                                          20/02/2018 ###
###                                                     ###
### Notepad++ Build Environment Resource Configuration. ###
###                                                     ###
### Use: lst2rc.bat to generate Resource File           ###
###                                                     ###
###########################################################

DIALOG, "Build Settings"
FBOX, BLDFIL, "Build List File:"
TBOX, BLDBRA, "Build Branch:"
TBOX, BLDUSR, "Build User:"
TBOX, BLDPWD, "Build Password:"
TBOX, BLDADR, "Build Address:"
TBOX, BLDVER, "Build Version:"
TBOX, BLDTGT, "Build Target:"
TBOX, BLDPRJ, "Build Project:"
TBOX, BLDPFM, "Build Platform:"
TBOX, BLDOUT, "Build Output:"
TBOX, TGTUSR, "Target User:"
TBOX, TGTPWD, "Target Password:"
TBOX, TGTADR, "Target Address:"
FBOX, DBSHAN, "Configuration Database:"

DIALOG, "Directory Settings"
FBOX, DIRFIL, "Directory List File:"
DBOX, PRJDIR, "Project Directory:"
DBOX, TMPDIR, "Temp Directory:"
DBOX, TLSDIR, "Tools Directory:"
DBOX, BATDIR, "Batch File Directory:"
DBOX, TGZDIR, "Staging Directory:"
DBOX, RELDIR, "Release Directory:"
DBOX, CYGDIR, "Cygwin Directory:"
DBOX, FFSDIR, "Free File Sync Directory:"
TBOX, MAPDRV, "Build Drive:"
TBOX, HOMDRV, "Home Drive:"

DIALOG, "Executable Settings"
FBOX, EXEFIL, "Executable List File:"
FBOX, TTLEXE, "Teraterm Macro Executable:"
FBOX, PLKEXE, "Putty Link Executable:"
FBOX, PCPEXE, "Putty SCP Executable:"
FBOX, PYTEXE, "Python Executable:"
FBOX, FFSEXE, "Free File Sync Executable:"
TBOX, BEGCMD, "Start Command:"
TBOX, TRMCMD, "Terminate Command:"

DIALOG, "Miscellaneous Settings"
FBOX, MSCFIL, "Miscellaneous List File:"
TBOX, DBSDIR, "Target Database Directory:"
TBOX, DBSFIL, "Database Name:"
TBOX, LTZCON, "Timezone Continent:"
TBOX, LTZCIT, "Timezone City:"
TBOX, LOGDIR, "Log Directory:"
TBOX, LOGFIL, "Log File:"
TBOX, MOVLOG, "Timed File Log Directory:"

DIALOG, "SQL Settings"
FBOX, SQLFIL, "SQL Settings List File:", 12
TBX3, SQLMOD, "Module Name:", SQLTAG, "Tag:", SQLVAL, "Value:"

DIALOG, "Custom Settings"
FBOX, CSTFIL, "Custom Settings List File", 12
TBX2, CSTVAR, "Variable:", CSTVAL, "Value:"
